Loading sentence transformer model...
Sentence transformer loaded and warmed up in 2.59s
Building optimized vector index...
Optimized vector index built: (1000, 384) in 9.85s
Loading sentence transformer model...
Sentence transformer loaded and warmed up in 2.29s
Building optimized vector index...
Optimized vector index built: (1000, 384) in 12.39s
Watching for file changes with StatReloader
Watching for file changes with StatReloader
Performing system checks...

System check identified no issues (0 silenced).
Starting search for 'fireball' with types: ['text', 'fuzzy', 'vector']
Text SQS filter: 0.4ms
Text filtering: 0.0ms
Fuzzy SQS filter (name only): 0.2ms
Fuzzy filtering: 0.0ms
Generated new embedding in 50.7ms for: 'fireball...'
Query embedding: 50.8ms
Vector index access: 0.0ms
Similarity calculation: 0.2ms for 1000 vectors
Top results processing: 4.6ms
Vector search total: 55.9ms, 245 results
Text execution: 60.2ms
Text search total: 61.4ms, 9 results
Text search completed in 59.5ms
Fuzzy execution: 62.6ms
Fuzzy search total: 64.5ms, 7 results
Fuzzy search completed in 3.6ms
Vector search completed in 0.0ms
All parallel searches completed in 65.8ms
Result combination completed in 0.0ms
Deduplication processed 261 -> 251 in 0.1ms
Deduplication completed in 0.1ms
Sorting completed in 0.0ms
Search completed: 251 results in 66.3ms total
[08/Jun/2025 22:11:42] "GET /v2/search/?query=fireball&limit=1 HTTP/1.1" 200 977
Starting search for 'dragon' with types: ['text', 'fuzzy', 'vector']
Text SQS filter: 0.3ms
Fuzzy SQS filter (name only): 0.2ms
Text filtering: 0.1ms
Fuzzy filtering: 0.1ms
Fuzzy execution: 37.4ms
Fuzzy search total: 39.7ms, 30 results
Text execution: 100.9ms
Text search total: 103.1ms, 325 results
Text search completed in 101.6ms
Fuzzy search completed in 0.0ms
Generated new embedding in 221.0ms for: 'dragon...'
Query embedding: 221.1ms
Vector index access: 0.0ms
Similarity calculation: 0.1ms for 1000 vectors
Top results processing: 4.4ms
Vector search total: 226.0ms, 276 results
Vector search completed in 123.6ms
All parallel searches completed in 227.6ms
Result combination completed in 0.1ms
Deduplication processed 631 -> 476 in 0.3ms
Deduplication completed in 0.4ms
Sorting completed in 0.1ms
Search completed: 476 results in 228.6ms total
[08/Jun/2025 22:11:48] "GET /v2/search/?query=dragon&limit=1&object_type=Creature HTTP/1.1" 200 677
Starting search for 'fire' with types: ['text', 'fuzzy', 'vector']
Text SQS filter: 0.4ms
Text filtering: 0.0ms
Fuzzy SQS filter (name only): 0.3ms
Fuzzy filtering: 0.0ms
Fuzzy execution: 54.4ms
Fuzzy search total: 56.3ms, 30 results
Text execution: 136.6ms
Text search total: 137.6ms, 263 results
Text search completed in 135.9ms
Fuzzy search completed in 0.0ms
Generated new embedding in 147.3ms for: 'fire...'
Query embedding: 147.4ms
Vector index access: 0.0ms
Similarity calculation: 0.1ms for 1000 vectors
Top results processing: 2.9ms
Vector search total: 150.5ms, 373 results
Vector search completed in 13.8ms
All parallel searches completed in 152.4ms
Result combination completed in 0.1ms
Deduplication processed 666 -> 586 in 0.2ms
Deduplication completed in 0.2ms
Sorting completed in 0.0ms
Search completed: 586 results in 153.4ms total
[08/Jun/2025 22:11:52] "GET /v2/search/?query=fire&page=10&limit=50 HTTP/1.1" 200 81247
Not Found: /.well-known/appspecific/com.chrome.devtools.json
Not Found: /.well-known/appspecific/com.chrome.devtools.json
[08/Jun/2025 22:11:52] "GET /.well-known/appspecific/com.chrome.devtools.json HTTP/1.1" 404 21610
Starting search for 'sword' with types: ['text', 'fuzzy', 'vector']
Text SQS filter: 0.3ms
Text filtering: 0.0ms
Fuzzy SQS filter (name only): 0.3ms
Fuzzy filtering: 0.1ms
Fuzzy execution: 32.4ms
Fuzzy search total: 33.3ms, 21 results
Text execution: 52.0ms
Text search total: 52.6ms, 91 results
Text search completed in 50.0ms
Fuzzy search completed in 0.0ms
Generated new embedding in 61.3ms for: 'sword...'
Query embedding: 61.4ms
Vector index access: 0.0ms
Similarity calculation: 0.1ms for 1000 vectors
Top results processing: 4.5ms
Vector search total: 66.2ms, 670 results
Vector search completed in 15.2ms
All parallel searches completed in 68.6ms
Result combination completed in 0.1ms
Deduplication processed 782 -> 698 in 0.2ms
Deduplication completed in 0.3ms
Sorting completed in 0.1ms
Search completed: 698 results in 69.3ms total
[08/Jun/2025 22:11:55] "GET /v2/search/?query=sword&limit=1&object_type=Item HTTP/1.1" 200 1029
Starting search for 'fire' with types: ['text', 'fuzzy', 'vector']
Text SQS filter: 0.3ms
Text filtering: 0.0ms
Using cached fuzzy results for: 'fire...'
Fuzzy search cached: 0.1ms, 30 results
Using cached embedding for query: 'fire...'
Query embedding: 0.1ms
Vector index access: 0.0ms
Similarity calculation: 0.1ms for 1000 vectors
Top results processing: 5.5ms
Vector search total: 6.6ms, 373 results
Text execution: 100.6ms
Text search total: 101.1ms, 263 results
Text search completed in 100.5ms
Fuzzy search completed in 0.0ms
Vector search completed in 0.0ms
All parallel searches completed in 101.9ms
Result combination completed in 0.1ms
Deduplication processed 666 -> 586 in 0.1ms
Deduplication completed in 0.2ms
Sorting completed in 0.0ms
Search completed: 586 results in 102.4ms total
[08/Jun/2025 22:11:56] "GET /v2/search/?query=fire&page=10&limit=50 HTTP/1.1" 200 81247
Not Found: /.well-known/appspecific/com.chrome.devtools.json
Not Found: /.well-known/appspecific/com.chrome.devtools.json
[08/Jun/2025 22:11:56] "GET /.well-known/appspecific/com.chrome.devtools.json HTTP/1.1" 404 21610
Starting search for 'heal' with types: ['text', 'fuzzy', 'vector']
Text SQS filter: 0.3ms
Fuzzy SQS filter (name only): 0.2ms
Text filtering: 0.1ms
Fuzzy filtering: 0.1ms
Fuzzy execution: 62.0ms
Fuzzy search total: 64.3ms, 21 results
Text execution: 72.9ms
Text search total: 75.3ms, 47 results
Text search completed in 73.5ms
Fuzzy search completed in 0.0ms
Generated new embedding in 85.5ms for: 'heal...'
Query embedding: 85.6ms
Vector index access: 0.0ms
Similarity calculation: 0.1ms for 1000 vectors
Top results processing: 6.1ms
Vector search total: 92.2ms, 346 results
Vector search completed in 18.0ms
All parallel searches completed in 94.1ms
Result combination completed in 0.1ms
Deduplication processed 414 -> 391 in 0.2ms
Deduplication completed in 0.3ms
Sorting completed in 0.1ms
Search completed: 391 results in 94.9ms total
[08/Jun/2025 22:12:02] "GET /v2/search/?query=heal&limit=1&object_type=Spell HTTP/1.1" 200 1276
Starting search for 'fire' with types: ['text', 'fuzzy', 'vector']
Text SQS filter: 0.3ms
Using cached fuzzy results for: 'fire...'
Text filtering: 0.0ms
Using cached embedding for query: 'fire...'
Fuzzy search cached: 0.3ms, 30 results
Query embedding: 0.5ms
Vector index access: 0.0ms
Similarity calculation: 0.1ms for 1000 vectors
Top results processing: 5.8ms
Vector search total: 7.5ms, 373 results
Text execution: 89.2ms
Text search total: 90.1ms, 263 results
Text search completed in 89.8ms
Fuzzy search completed in 0.0ms
Vector search completed in 0.0ms
All parallel searches completed in 91.1ms
Result combination completed in 0.1ms
Deduplication processed 666 -> 586 in 0.1ms
Deduplication completed in 0.2ms
Sorting completed in 0.0ms
Search completed: 586 results in 91.8ms total
[08/Jun/2025 22:12:05] "GET /v2/search/?query=fire&page=1&limit=50 HTTP/1.1" 200 90138
Not Found: /.well-known/appspecific/com.chrome.devtools.json
Not Found: /.well-known/appspecific/com.chrome.devtools.json
[08/Jun/2025 22:12:05] "GET /.well-known/appspecific/com.chrome.devtools.json HTTP/1.1" 404 21610
Starting search for 'fire' with types: ['text', 'fuzzy', 'vector']
Text SQS filter: 0.3ms
Using cached fuzzy results for: 'fire...'
Text filtering: 0.0ms
Using cached embedding for query: 'fire...'
Fuzzy search cached: 0.3ms, 30 results
Query embedding: 0.6ms
Vector index access: 0.0ms
Similarity calculation: 0.2ms for 1000 vectors
Top results processing: 12.1ms
Vector search total: 13.3ms, 373 results
Text execution: 113.3ms
Text search total: 114.3ms, 263 results
Text search completed in 113.8ms
Fuzzy search completed in 0.0ms
Vector search completed in 0.0ms
All parallel searches completed in 115.2ms
Result combination completed in 0.1ms
Deduplication processed 666 -> 586 in 0.2ms
Deduplication completed in 0.2ms
Sorting completed in 0.0ms
Search completed: 586 results in 116.1ms total
[08/Jun/2025 22:12:15] "GET /v2/search/?query=fire&page=9&limit=50 HTTP/1.1" 200 76164
Not Found: /.well-known/appspecific/com.chrome.devtools.json
Not Found: /.well-known/appspecific/com.chrome.devtools.json
[08/Jun/2025 22:12:15] "GET /.well-known/appspecific/com.chrome.devtools.json HTTP/1.1" 404 21610
Starting search for 'staff' with types: ['text', 'fuzzy', 'vector']
Text SQS filter: 0.3ms
Fuzzy SQS filter (name only): 0.2ms
Text filtering: 0.0ms
Fuzzy filtering: 0.0ms
Fuzzy execution: 119.3ms
Fuzzy search total: 121.3ms, 30 results
Text execution: 128.3ms
Text search total: 130.2ms, 62 results
Text search completed in 128.9ms
Fuzzy search completed in 0.0ms
Generated new embedding in 145.2ms for: 'staff...'
Query embedding: 145.3ms
Vector index access: 0.0ms
Similarity calculation: 0.1ms for 1000 vectors
Top results processing: 2.1ms
Vector search total: 147.7ms, 147 results
Vector search completed in 18.1ms
All parallel searches completed in 148.9ms
Result combination completed in 0.0ms
Deduplication processed 239 -> 193 in 0.1ms
Deduplication completed in 0.1ms
Sorting completed in 0.0ms
Search completed: 193 results in 149.3ms total
[08/Jun/2025 22:12:46] "GET /v2/search/?query=staff&page=9&limit=50 HTTP/1.1" 200 6816
Not Found: /.well-known/appspecific/com.chrome.devtools.json
Not Found: /.well-known/appspecific/com.chrome.devtools.json
[08/Jun/2025 22:12:46] "GET /.well-known/appspecific/com.chrome.devtools.json HTTP/1.1" 404 21610
Starting search for 'staff' with types: ['text', 'fuzzy', 'vector']
Text SQS filter: 0.3ms
Text filtering: 0.0ms
Using cached fuzzy results for: 'staff...'
Using cached embedding for query: 'staff...'
Fuzzy search cached: 0.8ms, 30 results
Query embedding: 0.2ms
Vector index access: 0.0ms
Similarity calculation: 0.1ms for 1000 vectors
Top results processing: 3.9ms
Vector search total: 5.2ms, 147 results
Text execution: 50.3ms
Text search total: 51.0ms, 62 results
Text search completed in 49.7ms
Fuzzy search completed in 0.0ms
Vector search completed in 0.0ms
All parallel searches completed in 51.6ms
Result combination completed in 0.0ms
Deduplication processed 239 -> 193 in 0.1ms
Deduplication completed in 0.1ms
Sorting completed in 0.0ms
Search completed: 193 results in 52.0ms total
[08/Jun/2025 22:12:49] "GET /v2/search/?query=staff HTTP/1.1" 200 121110
Not Found: /.well-known/appspecific/com.chrome.devtools.json
Not Found: /.well-known/appspecific/com.chrome.devtools.json
[08/Jun/2025 22:12:49] "GET /.well-known/appspecific/com.chrome.devtools.json HTTP/1.1" 404 21610
Starting search for 'staff' with types: ['text', 'fuzzy', 'vector']
Text SQS filter: 0.3ms
Text filtering: 0.0ms
Using cached fuzzy results for: 'staff...'
Fuzzy search cached: 0.4ms, 30 results
Using cached embedding for query: 'staff...'
Query embedding: 0.2ms
Vector index access: 0.0ms
Similarity calculation: 0.1ms for 1000 vectors
Top results processing: 4.2ms
Vector search total: 5.4ms, 147 results
Text execution: 91.6ms
Text search total: 92.2ms, 62 results
Text search completed in 91.3ms
Fuzzy search completed in 0.0ms
Vector search completed in 0.0ms
All parallel searches completed in 92.8ms
Result combination completed in 0.0ms
Deduplication processed 239 -> 193 in 0.1ms
Deduplication completed in 0.1ms
Sorting completed in 0.0ms
Search completed: 193 results in 93.1ms total
[08/Jun/2025 22:13:03] "GET /v2/search/?query=staff&page=2&limit=50 HTTP/1.1" 200 82536
Not Found: /.well-known/appspecific/com.chrome.devtools.json
Not Found: /.well-known/appspecific/com.chrome.devtools.json
[08/Jun/2025 22:13:03] "GET /.well-known/appspecific/com.chrome.devtools.json HTTP/1.1" 404 21610
Starting search for 'staff' with types: ['text', 'fuzzy', 'vector']
Text SQS filter: 0.3ms
Text filtering: 0.0ms
Using cached fuzzy results for: 'staff...'
Fuzzy search cached: 0.1ms, 30 results
Using cached embedding for query: 'staff...'
Query embedding: 0.1ms
Vector index access: 0.0ms
Similarity calculation: 0.1ms for 1000 vectors
Top results processing: 5.0ms
Vector search total: 5.8ms, 147 results
Text execution: 59.9ms
Text search total: 60.6ms, 62 results
Text search completed in 59.6ms
Fuzzy search completed in 0.0ms
Vector search completed in 0.0ms
All parallel searches completed in 61.4ms
Result combination completed in 0.0ms
Deduplication processed 239 -> 193 in 0.1ms
Deduplication completed in 0.1ms
Sorting completed in 0.0ms
Search completed: 193 results in 62.0ms total
[08/Jun/2025 22:13:45] "GET /v2/search/?query=staff&page=3&limit=50 HTTP/1.1" 200 82375
Not Found: /.well-known/appspecific/com.chrome.devtools.json
Not Found: /.well-known/appspecific/com.chrome.devtools.json
[08/Jun/2025 22:13:45] "GET /.well-known/appspecific/com.chrome.devtools.json HTTP/1.1" 404 21610
Starting search for 'staff' with types: ['text', 'fuzzy', 'vector']
Text SQS filter: 0.3ms
Text filtering: 0.0ms
Using cached fuzzy results for: 'staff...'
Using cached embedding for query: 'staff...'
Fuzzy search cached: 0.6ms, 30 results
Query embedding: 0.3ms
Vector index access: 0.0ms
Similarity calculation: 0.1ms for 1000 vectors
Top results processing: 3.1ms
Vector search total: 4.2ms, 147 results
Text execution: 34.5ms
Text search total: 35.2ms, 62 results
Text search completed in 34.2ms
Fuzzy search completed in 0.0ms
Vector search completed in 0.0ms
All parallel searches completed in 35.8ms
Result combination completed in 0.0ms
Deduplication processed 239 -> 193 in 0.1ms
Deduplication completed in 0.1ms
Sorting completed in 0.0ms
Search completed: 193 results in 36.6ms total
[08/Jun/2025 22:14:23] "GET /v2/search/?query=staff&page=3&limit=50 HTTP/1.1" 200 46551
/Users/moody/open5e-api/search/services.py changed, reloading.
/Users/moody/open5e-api/search/services.py changed, reloading.
June 08, 2025 - 22:11:06
Django version 5.2.1, using settings 'server.settings'
Starting development server at http://127.0.0.1:8000/
Quit the server with CONTROL-C.

WARNING: This is a development server. Do not use it in a production setting. Use a production WSGI or ASGI server instead.
For more information on production servers see: https://docs.djangoproject.com/en/5.2/howto/deployment/
Loading sentence transformer model...
Sentence transformer loaded and warmed up in 5.94s
Building optimized vector index...
Optimized vector index built: (1000, 384) in 13.10s
Watching for file changes with StatReloader
Watching for file changes with StatReloader
Performing system checks...

System check identified no issues (0 silenced).
Starting search for 'staff' with types: ['text', 'fuzzy', 'vector']
Text SQS filter: 0.7ms
Text filtering: 0.0ms
Fuzzy SQS filter (name only): 0.3ms
Fuzzy filtering: 0.0ms
Text execution: 73.5ms
Text search total: 75.1ms, 62 results
Text search completed in 71.9ms
Fuzzy execution: 80.5ms
Fuzzy search total: 84.1ms, 30 results
Fuzzy search completed in 9.7ms
Generated new embedding in 237.5ms for: 'staff...'
Query embedding: 237.7ms
Vector index access: 0.0ms
Similarity calculation: 0.2ms for 1000 vectors
Top results processing: 3.4ms
Vector search total: 241.9ms, 147 results
Vector search completed in 158.4ms
All parallel searches completed in 245.1ms
Result combination completed in 0.1ms
Deduplication processed 239 -> 193 in 0.1ms
Deduplication completed in 0.2ms
Sorting completed in 0.0ms
Search completed: 193 results in 245.8ms total
Starting search for 'staff' with types: ['text', 'fuzzy', 'vector']
Text SQS filter: 0.6ms
Text filtering: 0.0ms
Using cached fuzzy results for: 'staff...'
Using cached embedding for query: 'staff...'
Fuzzy search cached: 15.4ms, 30 results
Query embedding: 19.5ms
Vector index access: 0.0ms
Similarity calculation: 0.2ms for 1000 vectors
Top results processing: 4.1ms
Vector search total: 24.6ms, 147 results
[08/Jun/2025 22:15:13,220] - Broken pipe from ('127.0.0.1', 57575)
Text execution: 101.8ms
Text search total: 118.2ms, 62 results
Text search completed in 86.1ms
Fuzzy search completed in 0.0ms
Vector search completed in 0.0ms
All parallel searches completed in 124.5ms
Result combination completed in 0.0ms
Deduplication processed 239 -> 193 in 0.1ms
Deduplication completed in 0.2ms
Sorting completed in 0.0ms
Search completed: 193 results in 132.6ms total
[08/Jun/2025 22:15:13] "GET /v2/search/?query=staff&page=3&limit=50 HTTP/1.1" 200 82934
Not Found: /.well-known/appspecific/com.chrome.devtools.json
Not Found: /.well-known/appspecific/com.chrome.devtools.json
[08/Jun/2025 22:15:13] "GET /.well-known/appspecific/com.chrome.devtools.json HTTP/1.1" 404 21610
Starting search for 'staff' with types: ['text', 'fuzzy', 'vector']
Text SQS filter: 0.4ms
Text filtering: 0.0ms
Using cached fuzzy results for: 'staff...'
Fuzzy search cached: 0.1ms, 30 results
Using cached embedding for query: 'staff...'
Query embedding: 0.1ms
Vector index access: 0.0ms
Similarity calculation: 0.2ms for 1000 vectors
Top results processing: 3.8ms
Vector search total: 4.9ms, 147 results
Text execution: 36.8ms
Text search total: 37.4ms, 62 results
Text search completed in 36.4ms
Fuzzy search completed in 0.0ms
Vector search completed in 0.0ms
All parallel searches completed in 37.9ms
Result combination completed in 0.0ms
Deduplication processed 239 -> 193 in 0.1ms
Deduplication completed in 0.1ms
Sorting completed in 0.0ms
Search completed: 193 results in 38.4ms total
[08/Jun/2025 22:15:45] "GET /v2/search/?query=staff&limit=5 HTTP/1.1" 200 6366
June 08, 2025 - 22:15:12
Django version 5.2.1, using settings 'server.settings'
Starting development server at http://127.0.0.1:8000/
Quit the server with CONTROL-C.

WARNING: This is a development server. Do not use it in a production setting. Use a production WSGI or ASGI server instead.
For more information on production servers see: https://docs.djangoproject.com/en/5.2/howto/deployment/
/Users/moody/.pyenv/versions/3.11.11/lib/python3.11/multiprocessing/resource_tracker.py:254: UserWarning: resource_tracker: There appear to be 1 leaked semaphore objects to clean up at shutdown
  warnings.warn('resource_tracker: There appear to be %d '
